// Type definitions for Elm
// Project: https://github.com/dillonkearns/elm-typescript
// Definitions by: Dillon Kearns <https://github.com/dillonkearns>
export as namespace Elm


export interface App {
  ports: {
    generatedFiles: {
      subscribe(callback: (data: string) => void): void
    }
    parsingError: {
      subscribe(callback: (data: string) => void): void
    }
    inbound: {
      send(data: number): void
    }
  }
}
    

export namespace Main {
  // TODO: type-safe flags (check if Program Never Model Msg or Program FlagsType Model Msg)
  export function fullscreen(): App
  export function embed(node: HTMLElement | null): App
}
