// Type definitions for Elm
// Project: https://github.com/dillonkearns/elm-typescript
// Definitions by: Dillon Kearns <https://github.com/dillonkearns>
export as namespace Elm


export interface App {
  ports: {

  }
}
    

export namespace WithFlags {
  export function fullscreen(flags: string): App
  export function embed(node: HTMLElement | null, flags: string): App
}
